4
a b 1
a c 1
a d 2
b e 1
c e 1
d e 1
d f 1
e f 2
e g 1
f h 3
g h 1
