16
a b 7
a c 5
a d 4
b c 2
b d 2
b e 3
c d 7
d e 5
d f 8
e f 8
